// Jest Snapshot v1, https://goo.gl/fbAQLP

exports[` with data 1`] = `
<div
  className="user-form-list"
>
  <div
    className="list-navbar"
  >
    <h2
      className="nav-title"
    >
      Name
    </h2>
    <h2
      className="nav-title"
    >
      Surname
    </h2>
    <h2
      className="nav-title"
    >
      Age
    </h2>
    <h2
      className="nav-title"
    >
      IDN
    </h2>
    <h2
      className="nav-title"
    >
      Reason
    </h2>
    <h2
      className="nav-title"
    >
      Address
    </h2>
    <h2
      className="nav-title"
    >
      Date
    </h2>
    <h2
      className="nav-title"
    >
      Status
    </h2>
    <h2>
      Edit
    </h2>
  </div>
  <div
    className="list"
  >
    <p
      className="p"
    >
      zeus
    </p>
    <p
      className="p"
    >
      poseidon
    </p>
    <p
      className="p-age"
    >
      25
    </p>
    <p
      id="p-Ä±dn"
    />
    <p
      className="p"
    >
      sad
    </p>
    <p
      className="p"
    >
      dasd
    </p>
    <p
      className="p"
    >
      2022
    </p>
    <p
      className="p"
    >
      pending
    </p>
    <button
      className="info-btn"
      id="1515"
      type="button"
    >
      Edit
    </button>
  </div>
</div>
`;
