// Jest Snapshot v1, https://goo.gl/fbAQLP

exports[`Text Field Component 1`] = `<input />`;
